ARM Linker, 5.03 [Build 76] [MDK-ARM Lite]

==============================================================================

Small function inlining results

Inlined function __aeabi_idiv0 from aeabi_idiv0.o at offset 0x154 in aeabi_sdiv.o(.text).
Inlined Instruction: BX       lr
Inlined function __aeabi_idiv0 from aeabi_idiv0.o at offset 0x154 in aeabi_sdiv_div0.o(.text).
Inlined Instruction: BX       lr
Inlined function _platform_pre_stackheap_init from boardinit1.o at offset 0x0 in rtentry2.o(.ARM.Collect$$rtentry$$00000001).
Inlined Instruction: BX       lr
Inlined function _fp_init from fpinit.o at offset 0x0 in libinit2.o(.ARM.Collect$$libinit$$00000001).
Inlined Instruction: BX       lr
Inlined function _platform_pre_lib_shutdown from boardshut.o at offset 0x0 in rtexit2.o(.ARM.Collect$$rtexit$$00000001).
Inlined Instruction: BX       lr
Inlined function __ARM_get_argv from no_argv.o at offset 0x2 in argv_veneer.o(.text).
Inlined Instruction: BX       lr
Inlined total of 6 calls.

==============================================================================

Memory Map of the image

  Image Entry point : 0x00000181

  Load Region LR_1 (Base: 0x00000000, Size: 0x00002fd4, Max: 0xffffffff, ABSOLUTE)

    Execution Region ER_RO (Base: 0x00000000, Size: 0x00002984, Max: 0xffffffff, ABSOLUTE)

    Base Addr    Size         Type   Attr      Idx    E Section Name        Object

    0x00000000   0x000000c0   Data   RO           55    RESET               startup_nuc1xx.o
    0x000000c0   0x00000008   Code   RO         1238  * !!!main             c_p.l(__main.o)
    0x000000c8   0x0000003c   Code   RO         1417    !!!scatter          c_p.l(__scatter.o)
    0x00000104   0x0000001a   Code   RO         1419    !!handler_copy      c_p.l(__scatter_copy.o)
    0x0000011e   0x00000002   PAD
    0x00000120   0x0000001c   Code   RO         1421    !!handler_zi        c_p.l(__scatter_zi.o)
    0x0000013c   0x00000002   Code   RO         1225    .ARM.Collect$$_printf_percent$$00000000  c_p.l(_printf_percent.o)
    0x0000013e   0x0000000a   Code   RO         1224    .ARM.Collect$$_printf_percent$$00000009  c_p.l(_printf_d.o)
    0x00000148   0x0000000a   Code   RO         1223    .ARM.Collect$$_printf_percent$$00000014  c_p.l(_printf_s.o)
    0x00000152   0x00000004   Code   RO         1253    .ARM.Collect$$_printf_percent$$00000017  c_p.l(_printf_percent_end.o)
    0x00000156   0x00000002   Code   RO         1289    .ARM.Collect$$libinit$$00000000  c_p.l(libinit.o)
    0x00000158   0x00000004   Code   RO         1302    .ARM.Collect$$libinit$$00000001  c_p.l(libinit2.o)
    0x0000015c   0x00000000   Code   RO         1306    .ARM.Collect$$libinit$$00000008  c_p.l(libinit2.o)
    0x0000015c   0x00000000   Code   RO         1308    .ARM.Collect$$libinit$$0000000A  c_p.l(libinit2.o)
    0x0000015c   0x00000000   Code   RO         1310    .ARM.Collect$$libinit$$0000000C  c_p.l(libinit2.o)
    0x0000015c   0x00000000   Code   RO         1313    .ARM.Collect$$libinit$$0000000F  c_p.l(libinit2.o)
    0x0000015c   0x00000000   Code   RO         1315    .ARM.Collect$$libinit$$00000011  c_p.l(libinit2.o)
    0x0000015c   0x00000000   Code   RO         1317    .ARM.Collect$$libinit$$00000013  c_p.l(libinit2.o)
    0x0000015c   0x00000000   Code   RO         1319    .ARM.Collect$$libinit$$00000015  c_p.l(libinit2.o)
    0x0000015c   0x00000000   Code   RO         1321    .ARM.Collect$$libinit$$00000017  c_p.l(libinit2.o)
    0x0000015c   0x00000000   Code   RO         1323    .ARM.Collect$$libinit$$00000019  c_p.l(libinit2.o)
    0x0000015c   0x00000000   Code   RO         1325    .ARM.Collect$$libinit$$0000001B  c_p.l(libinit2.o)
    0x0000015c   0x00000000   Code   RO         1327    .ARM.Collect$$libinit$$0000001D  c_p.l(libinit2.o)
    0x0000015c   0x00000000   Code   RO         1329    .ARM.Collect$$libinit$$0000001F  c_p.l(libinit2.o)
    0x0000015c   0x00000000   Code   RO         1331    .ARM.Collect$$libinit$$00000021  c_p.l(libinit2.o)
    0x0000015c   0x00000000   Code   RO         1333    .ARM.Collect$$libinit$$00000023  c_p.l(libinit2.o)
    0x0000015c   0x00000000   Code   RO         1337    .ARM.Collect$$libinit$$0000002A  c_p.l(libinit2.o)
    0x0000015c   0x00000000   Code   RO         1339    .ARM.Collect$$libinit$$0000002C  c_p.l(libinit2.o)
    0x0000015c   0x00000000   Code   RO         1341    .ARM.Collect$$libinit$$0000002E  c_p.l(libinit2.o)
    0x0000015c   0x00000000   Code   RO         1343    .ARM.Collect$$libinit$$00000030  c_p.l(libinit2.o)
    0x0000015c   0x00000002   Code   RO         1344    .ARM.Collect$$libinit$$00000031  c_p.l(libinit2.o)
    0x0000015e   0x00000002   Code   RO         1375    .ARM.Collect$$libshutdown$$00000000  c_p.l(libshutdown.o)
    0x00000160   0x00000000   Code   RO         1402    .ARM.Collect$$libshutdown$$00000003  c_p.l(libshutdown2.o)
    0x00000160   0x00000000   Code   RO         1405    .ARM.Collect$$libshutdown$$00000006  c_p.l(libshutdown2.o)
    0x00000160   0x00000000   Code   RO         1408    .ARM.Collect$$libshutdown$$00000009  c_p.l(libshutdown2.o)
    0x00000160   0x00000000   Code   RO         1410    .ARM.Collect$$libshutdown$$0000000B  c_p.l(libshutdown2.o)
    0x00000160   0x00000000   Code   RO         1413    .ARM.Collect$$libshutdown$$0000000E  c_p.l(libshutdown2.o)
    0x00000160   0x00000002   Code   RO         1414    .ARM.Collect$$libshutdown$$0000000F  c_p.l(libshutdown2.o)
    0x00000162   0x00000000   Code   RO         1240    .ARM.Collect$$rtentry$$00000000  c_p.l(rtentry.o)
    0x00000162   0x00000000   Code   RO         1257    .ARM.Collect$$rtentry$$00000002  c_p.l(rtentry2.o)
    0x00000162   0x00000006   Code   RO         1269    .ARM.Collect$$rtentry$$00000004  c_p.l(rtentry4.o)
    0x00000168   0x00000000   Code   RO         1259    .ARM.Collect$$rtentry$$00000009  c_p.l(rtentry2.o)
    0x00000168   0x00000004   Code   RO         1260    .ARM.Collect$$rtentry$$0000000A  c_p.l(rtentry2.o)
    0x0000016c   0x00000000   Code   RO         1262    .ARM.Collect$$rtentry$$0000000C  c_p.l(rtentry2.o)
    0x0000016c   0x00000008   Code   RO         1263    .ARM.Collect$$rtentry$$0000000D  c_p.l(rtentry2.o)
    0x00000174   0x00000002   Code   RO         1294    .ARM.Collect$$rtexit$$00000000  c_p.l(rtexit.o)
    0x00000176   0x00000000   Code   RO         1348    .ARM.Collect$$rtexit$$00000002  c_p.l(rtexit2.o)
    0x00000176   0x00000004   Code   RO         1349    .ARM.Collect$$rtexit$$00000003  c_p.l(rtexit2.o)
    0x0000017a   0x00000006   Code   RO         1350    .ARM.Collect$$rtexit$$00000004  c_p.l(rtexit2.o)
    0x00000180   0x00000064   Code   RO           56  * .text               startup_nuc1xx.o
    0x000001e4   0x00000028   Code   RO         1193    .text               c_p.l(noretval__2sprintf.o)
    0x0000020c   0x0000004e   Code   RO         1197    .text               c_p.l(_printf_pad.o)
    0x0000025a   0x00000052   Code   RO         1199    .text               c_p.l(_printf_str.o)
    0x000002ac   0x0000006c   Code   RO         1201    .text               c_p.l(_printf_dec.o)
    0x00000318   0x0000010e   Code   RO         1211    .text               c_p.l(__printf_wp.o)
    0x00000426   0x00000002   PAD
    0x00000428   0x0000004c   Code   RO         1226    .text               c_p.l(strcpy.o)
    0x00000474   0x00000040   Code   RO         1228    .text               c_p.l(rt_memclr.o)
    0x000004b4   0x00000088   Code   RO         1230    .text               c_p.l(strcmp.o)
    0x0000053c   0x0000015a   Code   RO         1232    .text               c_p.l(aeabi_sdiv.o)
    0x00000696   0x00000006   Code   RO         1236    .text               c_p.l(heapauxi.o)
    0x0000069c   0x000000b0   Code   RO         1245    .text               c_p.l(_printf_intcommon.o)
    0x0000074c   0x00000030   Code   RO         1247    .text               c_p.l(_printf_char_common.o)
    0x0000077c   0x0000000a   Code   RO         1249    .text               c_p.l(_sputc.o)
    0x00000786   0x0000002e   Code   RO         1251    .text               c_p.l(_printf_char.o)
    0x000007b4   0x00000028   Code   RO         1254    .text               c_p.l(rtudiv10.o)
    0x000007dc   0x0000003e   Code   RO         1275    .text               c_p.l(sys_stackheap_outer.o)
    0x0000081a   0x0000000c   Code   RO         1278    .text               c_p.l(exit.o)
    0x00000826   0x00000002   PAD
    0x00000828   0x00000008   Code   RO         1290    .text               c_p.l(libspace.o)
    0x00000830   0x0000000c   Code   RO         1345    .text               c_p.l(sys_exit.o)
    0x0000083c   0x00000002   Code   RO         1364    .text               c_p.l(use_no_semi.o)
    0x0000083e   0x00000000   Code   RO         1366    .text               c_p.l(indicate_semi.o)
    0x0000083e   0x00000002   PAD
    0x00000840   0x00000098   Code   RO          959    i.ADC_IRQHandler    drvadc.o
    0x000008d8   0x00000028   Code   RO          272    i.BOD_IRQHandler    drvsys.o
    0x00000900   0x000000d4   Code   RO          578    i.BaudRateCalculator  drvuart.o
    0x000009d4   0x000000a4   Code   RO          209    i.CircleBresenham   2d_graphic_driver.o
    0x00000a78   0x00000014   Code   RO          983    i.DrvADC_IsConversionDone  drvadc.o
    0x00000a8c   0x000000e0   Code   RO          986    i.DrvADC_Open       drvadc.o
    0x00000b6c   0x00000024   Code   RO          992    i.DrvADC_StartConvert  drvadc.o
    0x00000b90   0x0000002c   Code   RO          724    i.DrvGPIO_ClrBit    drvgpio.o
    0x00000bbc   0x0000002c   Code   RO          737    i.DrvGPIO_GetBit    drvgpio.o
    0x00000be8   0x00000758   Code   RO          746    i.DrvGPIO_InitFunction  drvgpio.o
    0x00001340   0x00000088   Code   RO          747    i.DrvGPIO_Open      drvgpio.o
    0x000013c8   0x0000002c   Code   RO          748    i.DrvGPIO_SetBit    drvgpio.o
    0x000013f4   0x0000002c   Code   RO          275    i.DrvSYS_Delay      drvsys.o
    0x00001420   0x00000008   Code   RO          290    i.DrvSYS_GetExtClockFreq  drvsys.o
    0x00001428   0x00000074   Code   RO          292    i.DrvSYS_GetPLLClockFreq  drvsys.o
    0x0000149c   0x000000c0   Code   RO          293    i.DrvSYS_GetPLLContent  drvsys.o
    0x0000155c   0x00000010   Code   RO          296    i.DrvSYS_IsProtectedRegLocked  drvsys.o
    0x0000156c   0x000000bc   Code   RO          298    i.DrvSYS_Open       drvsys.o
    0x00001628   0x00000038   Code   RO          304    i.DrvSYS_SelectHCLKSource  drvsys.o
    0x00001660   0x0000004c   Code   RO          313    i.DrvSYS_SetPLLContent  drvsys.o
    0x000016ac   0x00000100   Code   RO          583    i.DrvUART_EnableInt  drvuart.o
    0x000017ac   0x00000264   Code   RO          588    i.DrvUART_Open      drvuart.o
    0x00001a10   0x00000040   Code   RO          594    i.DrvUART_Write     drvuart.o
    0x00001a50   0x00000024   Code   RO          754    i.EINT0_IRQHandler  drvgpio.o
    0x00001a74   0x00000024   Code   RO          755    i.EINT1_IRQHandler  drvgpio.o
    0x00001a98   0x00000044   Code   RO          756    i.GPAB_IRQHandler   drvgpio.o
    0x00001adc   0x0000004c   Code   RO          757    i.GPCDE_IRQHandler  drvgpio.o
    0x00001b28   0x00000048   Code   RO          595    i.GetUartClk        drvuart.o
    0x00001b70   0x0000020c   Code   RO           61    i.Initial_panel     lcd_driver.o
    0x00001d7c   0x00000014   Code   RO          597    i.NVIC_EnableIRQ    drvuart.o
    0x00001d90   0x00000028   Code   RO          320    i.PWRWU_IRQHandler  drvsys.o
    0x00001db8   0x000000f0   Code   RO           62    i.SetPACA           lcd_driver.o
    0x00001ea8   0x00000078   Code   RO           63    i.Show_Word         lcd_driver.o
    0x00001f20   0x000000a0   Code   RO           17    i.SystemCoreClockUpdate  system_nuc1xx.o
    0x00001fc0   0x00000002   Code   RO           18    i.SystemInit        system_nuc1xx.o
    0x00001fc2   0x00000002   PAD
    0x00001fc4   0x0000003c   Code   RO          598    i.UART02_IRQHandler  drvuart.o
    0x00002000   0x00000020   Code   RO          599    i.UART1_IRQHandler  drvuart.o
    0x00002020   0x00000360   Code   RO          148    i.UART_INT_HANDLE   smpl_uart0_hc05.o
    0x00002380   0x00000054   Code   RO           65    i.WriteData         lcd_driver.o
    0x000023d4   0x0000001c   Code   RO          266    i.__ARM_common_switch8  2d_graphic_driver.o
    0x000023f0   0x0000000e   Code   RO         1213    i._is_digit         c_p.l(__printf_wp.o)
    0x000023fe   0x00000028   Code   RO           66    i.clr_all_panel     lcd_driver.o
    0x00002426   0x0000003c   Code   RO           67    i.draw_LCD          lcd_driver.o
    0x00002462   0x00000002   PAD
    0x00002464   0x000002d8   Code   RO          217    i.draw_pixel        2d_graphic_driver.o
    0x0000273c   0x00000084   Code   RO          149    i.getDirection      smpl_uart0_hc05.o
    0x000027c0   0x0000016c   Code   RO          150    i.main              smpl_uart0_hc05.o
    0x0000292c   0x00000028   Code   RO           68    i.print_lcd         lcd_driver.o
    0x00002954   0x00000010   Data   RO          321    .constdata          drvsys.o
    0x00002964   0x00000020   Data   RO         1415    Region$$Table       anon$$obj.o


    Execution Region ER_RW (Base: 0x20000000, Size: 0x00000650, Max: 0xffffffff, ABSOLUTE)

    Base Addr    Size         Type   Attr      Idx    E Section Name        Object

    0x20000000   0x0000001c   Data   RW           19    .data               system_nuc1xx.o
    0x2000001c   0x00000010   Data   RW           69    .data               lcd_driver.o
    0x2000002c   0x000005f0   Data   RW          140    .data               ascii_table.o
    0x2000061c   0x00000001   Data   RW          152    .data               smpl_uart0_hc05.o
    0x2000061d   0x00000003   PAD
    0x20000620   0x00000008   Data   RW          322    .data               drvsys.o
    0x20000628   0x0000000c   Data   RW          600    .data               drvuart.o
    0x20000634   0x00000010   Data   RW          761    .data               drvgpio.o
    0x20000644   0x0000000c   Data   RW          997    .data               drvadc.o


    Execution Region ER_ZI (Base: 0x20000650, Size: 0x000008a0, Max: 0xffffffff, ABSOLUTE)

    Base Addr    Size         Type   Attr      Idx    E Section Name        Object

    0x20000650   0x0000042d   Zero   RW          151    .bss                smpl_uart0_hc05.o
    0x20000a7d   0x00000003   PAD
    0x20000a80   0x0000000c   Zero   RW          996    .bss                drvadc.o
    0x20000a8c   0x00000060   Zero   RW         1291    .bss                c_p.l(libspace.o)
    0x20000aec   0x00000004   PAD
    0x20000af0   0x00000000   Zero   RW           54    HEAP                startup_nuc1xx.o
    0x20000af0   0x00000400   Zero   RW           53    STACK               startup_nuc1xx.o


==============================================================================

Image component sizes


      Code (inc. data)   RO Data    RW Data    ZI Data      Debug   Object Name

       920         24          0          0          0       1535   2d_graphic_driver.o
         0          0          0       1520          0        404   ascii_table.o
         0          0          0          0          0       4244   core_cm0.o
       432         38          0         12         12       2599   drvadc.o
      2364        154          0         16          0      11352   drvgpio.o
       776        106         16          8          0       8913   drvsys.o
      1328         90          0         12          0      16498   drvuart.o
      1108         22          0         16          0       4836   lcd_driver.o
      1360        260          0          1       1069     125292   smpl_uart0_hc05.o
       100         46        192          0       1024        704   startup_nuc1xx.o
       162         30          0         28          0     119090   system_nuc1xx.o

    ----------------------------------------------------------------------
      8554        770        240       1616       2108     295467   Object Totals
         0          0         32          0          0          0   (incl. Generated)
         4          0          0          3          3          0   (incl. Padding)

    ----------------------------------------------------------------------

      Code (inc. data)   RO Data    RW Data    ZI Data      Debug   Library Member Name

         8          0          0          0          0         68   __main.o
       284          0          0          0          0        136   __printf_wp.o
        60          8          0          0          0          0   __scatter.o
        26          0          0          0          0          0   __scatter_copy.o
        28          0          0          0          0          0   __scatter_zi.o
        46          0          0          0          0        100   _printf_char.o
        48          6          0          0          0         88   _printf_char_common.o
        10          0          0          0          0          0   _printf_d.o
       108         18          0          0          0         76   _printf_dec.o
       176          0          0          0          0         84   _printf_intcommon.o
        78          0          0          0          0        100   _printf_pad.o
         2          0          0          0          0          0   _printf_percent.o
         4          0          0          0          0          0   _printf_percent_end.o
        10          0          0          0          0          0   _printf_s.o
        82          0          0          0          0         72   _printf_str.o
        10          0          0          0          0         60   _sputc.o
       346          0          0          0          0         92   aeabi_sdiv.o
        12          0          0          0          0         64   exit.o
         6          0          0          0          0        136   heapauxi.o
         0          0          0          0          0          0   indicate_semi.o
         2          0          0          0          0          0   libinit.o
         6          0          0          0          0          0   libinit2.o
         2          0          0          0          0          0   libshutdown.o
         2          0          0          0          0          0   libshutdown2.o
         8          4          0          0         96         68   libspace.o
        40          4          0          0          0         84   noretval__2sprintf.o
        64          0          0          0          0        108   rt_memclr.o
         0          0          0          0          0          0   rtentry.o
        12          0          0          0          0          0   rtentry2.o
         6          0          0          0          0          0   rtentry4.o
         2          0          0          0          0          0   rtexit.o
        10          0          0          0          0          0   rtexit2.o
        40          0          0          0          0         60   rtudiv10.o
       136          4          0          0          0         72   strcmp.o
        76          6          0          0          0         72   strcpy.o
        12          4          0          0          0         60   sys_exit.o
        62          0          0          0          0         80   sys_stackheap_outer.o
         2          0          0          0          0         68   use_no_semi.o

    ----------------------------------------------------------------------
      1834         54          0          0        100       1748   Library Totals
         8          0          0          0          4          0   (incl. Padding)

    ----------------------------------------------------------------------

      Code (inc. data)   RO Data    RW Data    ZI Data      Debug   Library Name

      1826         54          0          0         96       1748   c_p.l

    ----------------------------------------------------------------------
      1834         54          0          0        100       1748   Library Totals

    ----------------------------------------------------------------------

==============================================================================


      Code (inc. data)   RO Data    RW Data    ZI Data      Debug   

     10388        824        240       1616       2208     294403   Grand Totals
     10388        824        240       1616       2208     294403   ELF Image Totals
     10388        824        240       1616          0          0   ROM Totals

==============================================================================

    Total RO  Size (Code + RO Data)                10628 (  10.38kB)
    Total RW  Size (RW Data + ZI Data)              3824 (   3.73kB)
    Total ROM Size (Code + RO Data + RW Data)      12244 (  11.96kB)

==============================================================================

